+I{"name":"word","cnt":1}
+I{"name":"word","cnt":1}
+I{"name":"word","cnt":1}
+I{"name":"word","cnt":1}
+I{"name":"word","cnt":1}
|
{"name":"word","cnt":1}
{"name":"word","cnt":1}
{"name":"word","cnt":1}
{"name":"word","cnt":1}
{"name":"word","cnt":1}
