+I{"name":"word","cnt":1}
-U{"name":"word","cnt":1}
+U{"name":"word","cnt":2}
-U{"name":"word","cnt":2}
+U{"name":"word","cnt":3}
-U{"name":"word","cnt":3}
+U{"name":"word","cnt":4}
-U{"name":"word","cnt":4}
+U{"name":"word","cnt":5}
-U{"name":"word","cnt":5}
+U{"name":"word","cnt":6}
-U{"name":"word","cnt":6}
+U{"name":"word","cnt":7}
-U{"name":"word","cnt":7}
+U{"name":"word","cnt":8}
-U{"name":"word","cnt":8}
+U{"name":"word","cnt":9}
-U{"name":"word","cnt":9}
+U{"name":"word","cnt":10}
|
{"name":"word","cnt":10}
